error[E0277]: the trait bound `fn() -> impl std::future::Future {<impl std::convert::From<bad_endpoint> for dropshot::api_description::ApiEndpoint>::from::bad_endpoint}: dropshot::handler::HttpHandlerFunc<_, _>` is not satisfied
  --> $DIR/bad_endpoint1.rs:11:10
   |
11 | async fn bad_endpoint() -> Result<HttpResponseOk<()>, HttpError> {
   |          ^^^^^^^^^^^^ the trait `dropshot::handler::HttpHandlerFunc<_, _>` is not implemented for `fn() -> impl std::future::Future {<impl std::convert::From<bad_endpoint> for dropshot::api_description::ApiEndpoint>::from::bad_endpoint}`
   |
  ::: $WORKSPACE/dropshot/src/api_description.rs
   |
   |         HandlerType: HttpHandlerFunc<FuncParams, ResponseType>,
   |                      ----------------------------------------- required by this bound in `dropshot::api_description::ApiEndpoint::new`
