error[E0277]: the trait bound `for<'de> QueryParams: serde::de::Deserialize<'de>` is not satisfied
   --> $DIR/bad_endpoint5.rs:24:14
    |
24  |     _params: Query<QueryParams>,
    |              ^^^^^^^^^^^^^^^^^^ the trait `for<'de> serde::de::Deserialize<'de>` is not implemented for `QueryParams`
    |
   ::: $WORKSPACE/dropshot/src/handler.rs
    |
    | pub struct Query<QueryType: DeserializeOwned + JsonSchema + Send + Sync> {
    |                             ---------------- required by this bound in `dropshot::handler::Query`
    |
    = note: required because of the requirements on the impl of `serde::de::DeserializeOwned` for `QueryParams`
